
Referensi: https://github.com/pyenv-win/pyenv-win#installation

Buka powershell dengan administrator

$ Invoke-WebRequest -UseBasicParsing -Uri "https://raw.githubusercontent.com/pyenv-win/pyenv-win/master/pyenv-win/install-pyenv-win.ps1" -OutFile "./install-pyenv-win.ps1"; &"./install-pyenv-win.ps1"

If you are getting any UnauthorizedAccess error as below then start Windows PowerShell with the "Run as administrator" option and run Set-ExecutionPolicy -ExecutionPolicy RemoteSigned -Scope LocalMachine, now re-run the above installation command.

Tambahkan ke dalam system path

$ [System.Environment]::SetEnvironmentVariable('PYENV',$env:USERPROFILE + "\.pyenv\pyenv-win\","User")

[System.Environment]::SetEnvironmentVariable('PYENV_ROOT',$env:USERPROFILE + "\.pyenv\pyenv-win\","User")

[System.Environment]::SetEnvironmentVariable('PYENV_HOME',$env:USERPROFILE + "\.pyenv\pyenv-win\","User")

Dan untuk user path adalah

$ [System.Environment]::SetEnvironmentVariable('path', $env:USERPROFILE + "\.pyenv\pyenv-win\bin;" + $env:USERPROFILE + "\.pyenv\pyenv-win\shims;" + [System.Environment]::GetEnvironmentVariable('path', "User"),"User")

Test jika sudah

$ pyenv --version

o set a python version as the global version example: pyenv global 3.5.2

Cek versi python terinstall :

$ pyenv versions

Install python :

$ pyenv install 2.7.10 3.6.0 3.7.5

Setting ke global versi yang berjalan:

$ pyenv global 3.7.5

Setting local directory atau hanya berjalan di satu folder untuk python yang diset local:

$ pyenv local 3.6.0

Membuat virtualenv di local folder :

pyenv virtualenv <versi_python> <nama_folder>

$ pyenv virtualenv 3.6.0 python_scrapping

$ python -V

Jalankan di local folder untuk install virtual env:

$ python -m pip install virtualenv

$ python -m venv env

Untuk mengaktifkan env dengan (ini otomatis jika pakai cmd):

$ .\env\Scripts\activate

atau

$ . env/Scripts/activate

Menonaktifkan :

$ deactivate
